// Jest Snapshot v1, https://goo.gl/fbAQLP

exports[`Did component changed 1`] = `
<div
  className="calc-container"
>
  <div
    className="calc-screen"
    data-testid="display"
  >
    <span>
      0
    </span>
    <span />
    <span />
  </div>
  <div
    className="td row1-col1"
  >
    <button
      className="cal-button"
      data-testid="button"
      onClick={[Function]}
    >
      AC
    </button>
  </div>
  <div
    className="td row1-col2"
  >
    <button
      className="cal-button"
      data-testid="button"
      onClick={[Function]}
    >
      +/-
    </button>
  </div>
  <div
    className="td row1-col3"
  >
    <button
      className="cal-button"
      data-testid="button"
      onClick={[Function]}
    >
      %
    </button>
  </div>
  <div
    className="td row1-col4 operator"
  >
    <button
      className="cal-button"
      data-testid="button"
      onClick={[Function]}
    >
      รท
    </button>
  </div>
  <div
    className="td row2-col1"
  >
    <button
      className="cal-button"
      data-testid="button"
      onClick={[Function]}
    >
      7
    </button>
  </div>
  <div
    className="td row2-col2"
  >
    <button
      className="cal-button"
      data-testid="button"
      onClick={[Function]}
    >
      8
    </button>
  </div>
  <div
    className="td row2-col3"
  >
    <button
      className="cal-button"
      data-testid="button"
      onClick={[Function]}
    >
      9
    </button>
  </div>
  <div
    className="td row2-col4 operator"
  >
    <button
      className="cal-button"
      data-testid="button"
      onClick={[Function]}
    >
      x
    </button>
  </div>
  <div
    className="td row3-col1"
  >
    <button
      className="cal-button"
      data-testid="button"
      onClick={[Function]}
    >
      4
    </button>
  </div>
  <div
    className="td row3-col2"
  >
    <button
      className="cal-button"
      data-testid="button"
      onClick={[Function]}
    >
      5
    </button>
  </div>
  <div
    className="td row3-col3"
  >
    <button
      className="cal-button"
      data-testid="button"
      onClick={[Function]}
    >
      6
    </button>
  </div>
  <div
    className="td row3-col4 operator"
  >
    <button
      className="cal-button"
      data-testid="button"
      onClick={[Function]}
    >
      -
    </button>
  </div>
  <div
    className="td row4-col1"
  >
    <button
      className="cal-button"
      data-testid="button"
      onClick={[Function]}
    >
      1
    </button>
  </div>
  <div
    className="td row4-col2"
  >
    <button
      className="cal-button"
      data-testid="button"
      onClick={[Function]}
    >
      2
    </button>
  </div>
  <div
    className="td row4-col3"
  >
    <button
      className="cal-button"
      data-testid="button"
      onClick={[Function]}
    >
      3
    </button>
  </div>
  <div
    className="td row4-col4 operator"
  >
    <button
      className="cal-button"
      data-testid="button"
      onClick={[Function]}
    >
      +
    </button>
  </div>
  <div
    className="td row5-col1"
  >
    <button
      className="cal-button"
      data-testid="button"
      onClick={[Function]}
    >
      0
    </button>
  </div>
  <div
    className="td row5-col2"
  >
    <button
      className="cal-button"
      data-testid="button"
      onClick={[Function]}
    >
      .
    </button>
  </div>
  <div
    className="td row5-col3 operator"
  >
    <button
      className="cal-button"
      data-testid="button"
      onClick={[Function]}
    >
      =
    </button>
  </div>
</div>
`;
